Sun Aug 16 05:44:51 UTC 2026 - 시도 중...
Sun Aug 16 05:46:19 UTC 2026 - 시도 중...
Sun Aug 16 05:47:58 UTC 2026 - 예상 밖 응답:
ServiceError:
{
    "client_version": "Oracle-PythonSDK/2.184.1, Oracle-PythonCLI/3.90.2",
    "code": "TooManyRequests",
    "logging_tips": "Please run the OCI CLI command using --debug flag to find more debug information.",
    "message": "Too many requests for the user",
    "opc-request-id": "7B5FFF8EE7C64D368464E392EB2B6458/D760A36BAA84FA8F0E4F816A4E525472/76C28A8513A3502D56F409A3FA0D46A1",
    "operation_name": "launch_instance",
    "request_endpoint": "POST https://iaas.ap-tokyo-1.oraclecloud.com/20160918/instances",
    "status": 429,
    "target_service": "compute",
    "timestamp": "2026-08-16T05:47:58.111945+00:00",
    "troubleshooting_tips": "See [https://docs.oracle.com/iaas/Content/API/References/apierrors.htm] for more information about resolving this error. If you are unable to resolve this issue, run this CLI command with --debug option and contact Oracle support and provide them the full error message."
}
Sun Aug 16 05:50:01 UTC 2026 - 시도 중...
Sun Aug 16 05:50:01 UTC 2026 - 시도 중...
Sun Aug 16 05:51:40 UTC 2026 - 예상 밖 응답:
ServiceError:
{
    "client_version": "Oracle-PythonSDK/2.184.1, Oracle-PythonCLI/3.90.2",
    "code": "TooManyRequests",
    "logging_tips": "Please run the OCI CLI command using --debug flag to find more debug information.",
    "message": "Too many requests for the user",
    "opc-request-id": "033A55D8056D4EF98C57678FCCCCBB31/313A3BAA838A3F10EB4F816A4E525484/F651D3E0080060C942FCFE54AD4E42FD",
    "operation_name": "launch_instance",
    "request_endpoint": "POST https://iaas.ap-tokyo-1.oraclecloud.com/20160918/instances",
    "status": 429,
    "target_service": "compute",
    "timestamp": "2026-08-16T05:51:39.812135+00:00",
    "troubleshooting_tips": "See [https://docs.oracle.com/iaas/Content/API/References/apierrors.htm] for more information about resolving this error. If you are unable to resolve this issue, run this CLI command with --debug option and contact Oracle support and provide them the full error message."
}
Sun Aug 16 05:51:41 UTC 2026 - 용량 부족. 다음 주기에 재시도.
Sun Aug 16 05:52:01 UTC 2026 - 시도 중...
Sun Aug 16 05:53:39 UTC 2026 - 용량 부족. 다음 주기에 재시도.
Sun Aug 16 05:54:01 UTC 2026 - 시도 중...
Sun Aug 16 05:55:38 UTC 2026 - 용량 부족. 다음 주기에 재시도.
Sun Aug 16 05:56:01 UTC 2026 - 시도 중...
Sun Aug 16 05:57:40 UTC 2026 - 용량 부족. 다음 주기에 재시도.
Sun Aug 16 05:58:01 UTC 2026 - 시도 중...
Sun Aug 16 05:59:39 UTC 2026 - 용량 부족. 다음 주기에 재시도.
Sun Aug 16 06:00:01 UTC 2026 - 시도 중...
Sun Aug 16 06:01:39 UTC 2026 - 용량 부족. 다음 주기에 재시도.
Sun Aug 16 06:02:01 UTC 2026 - 시도 중...
Sun Aug 16 06:03:38 UTC 2026 - 용량 부족. 다음 주기에 재시도.
Sun Aug 16 06:04:01 UTC 2026 - 시도 중...
Sun Aug 16 06:05:39 UTC 2026 - 용량 부족. 다음 주기에 재시도.
Sun Aug 16 06:06:01 UTC 2026 - 시도 중...
Sun Aug 16 06:07:39 UTC 2026 - 용량 부족. 다음 주기에 재시도.
Sun Aug 16 06:08:01 UTC 2026 - 시도 중...
Sun Aug 16 06:09:39 UTC 2026 - 용량 부족. 다음 주기에 재시도.
Sun Aug 16 06:10:01 UTC 2026 - 시도 중...
Sun Aug 16 06:11:39 UTC 2026 - 용량 부족. 다음 주기에 재시도.
Sun Aug 16 06:12:01 UTC 2026 - 시도 중...
Sun Aug 16 06:13:39 UTC 2026 - 용량 부족. 다음 주기에 재시도.
Sun Aug 16 06:14:01 UTC 2026 - 시도 중...
Sun Aug 16 06:15:40 UTC 2026 - 용량 부족. 다음 주기에 재시도.
Sun Aug 16 06:16:01 UTC 2026 - 시도 중...
Sun Aug 16 06:17:40 UTC 2026 - 용량 부족. 다음 주기에 재시도.
Sun Aug 16 06:18:01 UTC 2026 - 시도 중...
Sun Aug 16 06:19:39 UTC 2026 - 용량 부족. 다음 주기에 재시도.
Sun Aug 16 06:20:01 UTC 2026 - 시도 중...
Sun Aug 16 06:21:43 UTC 2026 - 용량 부족. 다음 주기에 재시도.
Sun Aug 16 06:22:01 UTC 2026 - 시도 중...
Sun Aug 16 06:23:44 UTC 2026 - 용량 부족. 다음 주기에 재시도.
Sun Aug 16 06:24:01 UTC 2026 - 시도 중...
Sun Aug 16 06:25:46 UTC 2026 - 용량 부족. 다음 주기에 재시도.
Sun Aug 16 06:26:01 UTC 2026 - 시도 중...
Sun Aug 16 06:27:47 UTC 2026 - 용량 부족. 다음 주기에 재시도.
Sun Aug 16 06:28:02 UTC 2026 - 시도 중...
Sun Aug 16 06:29:46 UTC 2026 - 용량 부족. 다음 주기에 재시도.
Sun Aug 16 06:30:02 UTC 2026 - 시도 중...
Sun Aug 16 06:31:47 UTC 2026 - 용량 부족. 다음 주기에 재시도.
Sun Aug 16 06:32:02 UTC 2026 - 시도 중...
Sun Aug 16 06:33:45 UTC 2026 - 용량 부족. 다음 주기에 재시도.
Sun Aug 16 06:34:01 UTC 2026 - 시도 중...
Sun Aug 16 06:35:40 UTC 2026 - 용량 부족. 다음 주기에 재시도.
Sun Aug 16 06:36:01 UTC 2026 - 시도 중...
Sun Aug 16 06:37:38 UTC 2026 - 용량 부족. 다음 주기에 재시도.
Sun Aug 16 06:38:01 UTC 2026 - 시도 중...
Sun Aug 16 06:39:39 UTC 2026 - 용량 부족. 다음 주기에 재시도.
Sun Aug 16 06:40:01 UTC 2026 - 시도 중...
Sun Aug 16 06:41:38 UTC 2026 - 용량 부족. 다음 주기에 재시도.
Sun Aug 16 06:42:01 UTC 2026 - 시도 중...
Sun Aug 16 06:43:38 UTC 2026 - 용량 부족. 다음 주기에 재시도.
Sun Aug 16 06:44:01 UTC 2026 - 시도 중...
Sun Aug 16 06:45:40 UTC 2026 - 요청 과다(429). 다음 주기에 재시도.
Sun Aug 16 06:46:01 UTC 2026 - 시도 중...
Sun Aug 16 06:47:40 UTC 2026 - 요청 과다(429). 다음 주기에 재시도.
Sun Aug 16 06:48:01 UTC 2026 - 시도 중...
Sun Aug 16 06:49:39 UTC 2026 - 요청 과다(429). 다음 주기에 재시도.
Sun Aug 16 06:50:01 UTC 2026 - 시도 중...
Sun Aug 16 06:51:39 UTC 2026 - 요청 과다(429). 다음 주기에 재시도.
Sun Aug 16 06:52:01 UTC 2026 - 시도 중...
Sun Aug 16 06:53:38 UTC 2026 - 용량 부족. 다음 주기에 재시도.
Sun Aug 16 06:54:01 UTC 2026 - 시도 중...
Sun Aug 16 06:55:39 UTC 2026 - 요청 과다(429). 다음 주기에 재시도.
Sun Aug 16 06:56:01 UTC 2026 - 시도 중...
Sun Aug 16 06:57:41 UTC 2026 - 요청 과다(429). 다음 주기에 재시도.
Sun Aug 16 06:58:01 UTC 2026 - 시도 중...
Sun Aug 16 06:59:39 UTC 2026 - 요청 과다(429). 다음 주기에 재시도.
Sun Aug 16 07:00:01 UTC 2026 - 시도 중...
Sun Aug 16 07:01:41 UTC 2026 - 요청 과다(429). 다음 주기에 재시도.
Sun Aug 16 07:02:01 UTC 2026 - 시도 중...
Sun Aug 16 07:03:39 UTC 2026 - 요청 과다(429). 다음 주기에 재시도.
Sun Aug 16 07:04:01 UTC 2026 - 시도 중...
Sun Aug 16 07:05:39 UTC 2026 - 요청 과다(429). 다음 주기에 재시도.
Sun Aug 16 07:06:01 UTC 2026 - 시도 중...
Sun Aug 16 07:07:39 UTC 2026 - 요청 과다(429). 다음 주기에 재시도.
Sun Aug 16 07:08:01 UTC 2026 - 시도 중...
Sun Aug 16 07:09:39 UTC 2026 - 용량 부족. 다음 주기에 재시도.
Sun Aug 16 07:10:01 UTC 2026 - 시도 중...
Sun Aug 16 07:11:39 UTC 2026 - 용량 부족. 다음 주기에 재시도.
Sun Aug 16 07:12:01 UTC 2026 - 시도 중...
Sun Aug 16 07:13:40 UTC 2026 - 요청 과다(429). 다음 주기에 재시도.
Sun Aug 16 07:14:01 UTC 2026 - 시도 중...
Sun Aug 16 07:15:39 UTC 2026 - 요청 과다(429). 다음 주기에 재시도.
Sun Aug 16 07:16:01 UTC 2026 - 시도 중...
Sun Aug 16 07:17:41 UTC 2026 - 요청 과다(429). 다음 주기에 재시도.
Sun Aug 16 07:18:01 UTC 2026 - 시도 중...
Sun Aug 16 07:19:39 UTC 2026 - 요청 과다(429). 다음 주기에 재시도.
Sun Aug 16 07:20:01 UTC 2026 - 시도 중...
Sun Aug 16 07:21:39 UTC 2026 - 요청 과다(429). 다음 주기에 재시도.
Sun Aug 16 07:22:01 UTC 2026 - 시도 중...
Sun Aug 16 07:23:39 UTC 2026 - 용량 부족. 다음 주기에 재시도.
Sun Aug 16 07:24:01 UTC 2026 - 시도 중...
Sun Aug 16 07:25:40 UTC 2026 - 요청 과다(429). 다음 주기에 재시도.
Sun Aug 16 07:26:01 UTC 2026 - 시도 중...
Sun Aug 16 07:27:39 UTC 2026 - 요청 과다(429). 다음 주기에 재시도.
Sun Aug 16 07:28:01 UTC 2026 - 시도 중...
Sun Aug 16 07:29:40 UTC 2026 - 요청 과다(429). 다음 주기에 재시도.
Sun Aug 16 07:30:01 UTC 2026 - 시도 중...
Sun Aug 16 07:31:40 UTC 2026 - 요청 과다(429). 다음 주기에 재시도.
Sun Aug 16 07:32:01 UTC 2026 - 시도 중...
Sun Aug 16 07:33:41 UTC 2026 - 요청 과다(429). 다음 주기에 재시도.
Sun Aug 16 07:34:01 UTC 2026 - 시도 중...
Sun Aug 16 07:35:38 UTC 2026 - 용량 부족. 다음 주기에 재시도.
Sun Aug 16 07:36:01 UTC 2026 - 시도 중...
Sun Aug 16 07:37:38 UTC 2026 - 용량 부족. 다음 주기에 재시도.
Sun Aug 16 07:38:01 UTC 2026 - 시도 중...
Sun Aug 16 07:39:41 UTC 2026 - 요청 과다(429). 다음 주기에 재시도.
Sun Aug 16 07:40:01 UTC 2026 - 시도 중...
Sun Aug 16 07:41:38 UTC 2026 - 용량 부족. 다음 주기에 재시도.
Sun Aug 16 07:42:01 UTC 2026 - 시도 중...
Sun Aug 16 07:43:39 UTC 2026 - 용량 부족. 다음 주기에 재시도.
Sun Aug 16 07:44:01 UTC 2026 - 시도 중...
Sun Aug 16 07:45:39 UTC 2026 - 용량 부족. 다음 주기에 재시도.
Sun Aug 16 07:46:01 UTC 2026 - 시도 중...
Sun Aug 16 07:47:40 UTC 2026 - 용량 부족. 다음 주기에 재시도.
Sun Aug 16 07:48:01 UTC 2026 - 시도 중...
Sun Aug 16 07:49:38 UTC 2026 - 용량 부족. 다음 주기에 재시도.
Sun Aug 16 07:50:01 UTC 2026 - 시도 중...
Sun Aug 16 07:51:40 UTC 2026 - 용량 부족. 다음 주기에 재시도.
Sun Aug 16 07:52:01 UTC 2026 - 시도 중...
Sun Aug 16 07:53:38 UTC 2026 - 용량 부족. 다음 주기에 재시도.
Sun Aug 16 07:54:01 UTC 2026 - 시도 중...
Sun Aug 16 07:55:39 UTC 2026 - 용량 부족. 다음 주기에 재시도.
Sun Aug 16 07:56:01 UTC 2026 - 시도 중...
Sun Aug 16 07:57:39 UTC 2026 - 용량 부족. 다음 주기에 재시도.
Sun Aug 16 07:58:01 UTC 2026 - 시도 중...
Sun Aug 16 07:59:39 UTC 2026 - 용량 부족. 다음 주기에 재시도.
Sun Aug 16 08:00:01 UTC 2026 - 시도 중...
Sun Aug 16 08:01:38 UTC 2026 - 용량 부족. 다음 주기에 재시도.
Sun Aug 16 08:02:01 UTC 2026 - 시도 중...
Sun Aug 16 08:03:40 UTC 2026 - 용량 부족. 다음 주기에 재시도.
Sun Aug 16 08:04:01 UTC 2026 - 시도 중...
Sun Aug 16 08:05:39 UTC 2026 - 용량 부족. 다음 주기에 재시도.
Sun Aug 16 08:06:01 UTC 2026 - 시도 중...
Sun Aug 16 08:07:39 UTC 2026 - 용량 부족. 다음 주기에 재시도.
Sun Aug 16 08:08:01 UTC 2026 - 시도 중...
Sun Aug 16 08:09:39 UTC 2026 - 용량 부족. 다음 주기에 재시도.
Sun Aug 16 08:10:01 UTC 2026 - 시도 중...
Sun Aug 16 08:11:39 UTC 2026 - 용량 부족. 다음 주기에 재시도.
Sun Aug 16 08:12:01 UTC 2026 - 시도 중...
Sun Aug 16 08:13:39 UTC 2026 - 용량 부족. 다음 주기에 재시도.
Sun Aug 16 08:14:01 UTC 2026 - 시도 중...
Sun Aug 16 08:15:39 UTC 2026 - 용량 부족. 다음 주기에 재시도.
Sun Aug 16 08:16:01 UTC 2026 - 시도 중...
Sun Aug 16 08:17:39 UTC 2026 - 용량 부족. 다음 주기에 재시도.
Sun Aug 16 08:18:01 UTC 2026 - 시도 중...
Sun Aug 16 08:19:40 UTC 2026 - 용량 부족. 다음 주기에 재시도.
Sun Aug 16 08:20:01 UTC 2026 - 시도 중...
Sun Aug 16 08:21:41 UTC 2026 - 용량 부족. 다음 주기에 재시도.
Sun Aug 16 08:22:01 UTC 2026 - 시도 중...
Sun Aug 16 08:23:40 UTC 2026 - 용량 부족. 다음 주기에 재시도.
Sun Aug 16 08:24:01 UTC 2026 - 시도 중...
Sun Aug 16 08:25:39 UTC 2026 - 용량 부족. 다음 주기에 재시도.
Sun Aug 16 08:26:01 UTC 2026 - 시도 중...
Sun Aug 16 08:27:38 UTC 2026 - 용량 부족. 다음 주기에 재시도.
Sun Aug 16 08:28:01 UTC 2026 - 시도 중...
Sun Aug 16 08:29:40 UTC 2026 - 용량 부족. 다음 주기에 재시도.
Sun Aug 16 08:30:01 UTC 2026 - 시도 중...
Sun Aug 16 08:31:40 UTC 2026 - 용량 부족. 다음 주기에 재시도.
Sun Aug 16 08:32:01 UTC 2026 - 시도 중...
Sun Aug 16 08:33:37 UTC 2026 - 용량 부족. 다음 주기에 재시도.
Sun Aug 16 08:34:01 UTC 2026 - 시도 중...
Sun Aug 16 08:35:40 UTC 2026 - 용량 부족. 다음 주기에 재시도.
Sun Aug 16 08:36:01 UTC 2026 - 시도 중...
Sun Aug 16 08:37:39 UTC 2026 - 용량 부족. 다음 주기에 재시도.
Sun Aug 16 08:38:01 UTC 2026 - 시도 중...
Sun Aug 16 08:39:39 UTC 2026 - 용량 부족. 다음 주기에 재시도.
Sun Aug 16 08:40:01 UTC 2026 - 시도 중...
Sun Aug 16 08:41:39 UTC 2026 - 용량 부족. 다음 주기에 재시도.
Sun Aug 16 08:42:01 UTC 2026 - 시도 중...
Sun Aug 16 08:43:39 UTC 2026 - 용량 부족. 다음 주기에 재시도.
Sun Aug 16 08:44:01 UTC 2026 - 시도 중...
Sun Aug 16 08:45:40 UTC 2026 - 용량 부족. 다음 주기에 재시도.
Sun Aug 16 08:46:01 UTC 2026 - 시도 중...
Sun Aug 16 08:47:39 UTC 2026 - 용량 부족. 다음 주기에 재시도.
Sun Aug 16 08:48:01 UTC 2026 - 시도 중...
Sun Aug 16 08:49:38 UTC 2026 - 용량 부족. 다음 주기에 재시도.
Sun Aug 16 08:50:01 UTC 2026 - 시도 중...
Sun Aug 16 08:51:40 UTC 2026 - 용량 부족. 다음 주기에 재시도.
Sun Aug 16 08:52:01 UTC 2026 - 시도 중...
Sun Aug 16 08:53:40 UTC 2026 - 용량 부족. 다음 주기에 재시도.
Sun Aug 16 08:54:01 UTC 2026 - 시도 중...
Sun Aug 16 08:55:39 UTC 2026 - 용량 부족. 다음 주기에 재시도.
Sun Aug 16 08:56:01 UTC 2026 - 시도 중...
Sun Aug 16 08:57:38 UTC 2026 - 용량 부족. 다음 주기에 재시도.
Sun Aug 16 08:58:01 UTC 2026 - 시도 중...
Sun Aug 16 08:59:38 UTC 2026 - 용량 부족. 다음 주기에 재시도.
Sun Aug 16 09:00:01 UTC 2026 - 시도 중...
Sun Aug 16 09:01:39 UTC 2026 - 용량 부족. 다음 주기에 재시도.
Sun Aug 16 09:02:01 UTC 2026 - 시도 중...
Sun Aug 16 09:03:40 UTC 2026 - 용량 부족. 다음 주기에 재시도.
Sun Aug 16 09:04:01 UTC 2026 - 시도 중...
Sun Aug 16 09:05:39 UTC 2026 - 용량 부족. 다음 주기에 재시도.
Sun Aug 16 09:06:01 UTC 2026 - 시도 중...
Sun Aug 16 09:07:40 UTC 2026 - 용량 부족. 다음 주기에 재시도.
Sun Aug 16 09:08:01 UTC 2026 - 시도 중...
Sun Aug 16 09:09:40 UTC 2026 - 용량 부족. 다음 주기에 재시도.
Sun Aug 16 09:10:01 UTC 2026 - 시도 중...
Sun Aug 16 09:11:39 UTC 2026 - 용량 부족. 다음 주기에 재시도.
Sun Aug 16 09:12:01 UTC 2026 - 시도 중...
Sun Aug 16 09:13:39 UTC 2026 - 용량 부족. 다음 주기에 재시도.
Sun Aug 16 09:14:01 UTC 2026 - 시도 중...
Sun Aug 16 09:15:39 UTC 2026 - 용량 부족. 다음 주기에 재시도.
Sun Aug 16 09:16:01 UTC 2026 - 시도 중...
Sun Aug 16 09:17:39 UTC 2026 - 용량 부족. 다음 주기에 재시도.
Sun Aug 16 09:18:01 UTC 2026 - 시도 중...
Sun Aug 16 09:19:40 UTC 2026 - 용량 부족. 다음 주기에 재시도.
Sun Aug 16 09:20:01 UTC 2026 - 시도 중...
Sun Aug 16 09:21:39 UTC 2026 - 용량 부족. 다음 주기에 재시도.
Sun Aug 16 09:22:01 UTC 2026 - 시도 중...
Sun Aug 16 09:23:38 UTC 2026 - 용량 부족. 다음 주기에 재시도.
